// Jest Snapshot v1, https://goo.gl/fbAQLP

exports[`day-10 part2 1`] = `
"####.###...##..###..#..#.####..##..#..#.
#....#..#.#..#.#..#.#..#.#....#..#.#..#.
###..#..#.#....#..#.####.###..#....####.
#....###..#.##.###..#..#.#....#.##.#..#.
#....#....#..#.#....#..#.#....#..#.#..#.
#....#.....###.#....#..#.#.....###.#..#.
."
`;
